archogen-wasm-response/1
api: string
diagnostics: array
diagnostics[].code: string
diagnostics[].message: string
diagnostics[].primary.column: integer
diagnostics[].primary.line: integer
diagnostics[].primary.message: string
diagnostics[].primary.source: string
diagnostics[].primary: object
diagnostics[].repair: string
diagnostics[].secondary: array
diagnostics[].secondary[].column: integer
diagnostics[].secondary[].line: integer
diagnostics[].secondary[].message: string
diagnostics[].secondary[].source: string
diagnostics[].secondary[]: object
diagnostics[].severity: string
diagnostics[]: object
engine: string
exit: integer
format: string
hint: null
hint: string
judged.closure.inside: array
judged.closure.inside[]: array
judged.closure.inside[][]: null
judged.closure.inside[][]: string
judged.closure.outside: array
judged.closure.outside[]: string
judged.closure: object
judged.declarations: integer
judged.instances: array
judged.instances: null
judged.instances[]: string
judged.language: string
judged.profile: string
judged.verdict: string
judged: null
judged: object
notes: array
notes[]: string
rendered: string
status: string
